// Vitest Snapshot v1, https://vitest.dev/guide/snapshot.html

exports[`supports v1 addons 1`] = `
"<template>{{yield}}</template>
"
`;

exports[`supports v1 apps 1`] = `
"<template>{{yield}}</template>
"
`;

exports[`supports v2 addons 1`] = `
"<template>{{yield}}</template>
"
`;

exports[`supports v2 addons 2`] = `
"import { render } from '@ember/test-helpers';
import { module, test } from 'qunit';
import Foo from 'v2-addon/components/foo';
import { setupRenderingTest } from 'ember-qunit';

module('Integration | Component | Foo', function (hooks) {
  setupRenderingTest(hooks);

  test('it renders', async function (assert) {
    await render(<template><Foo /></template>);

    assert.dom().hasText('');

    await render(
      <template>
        <Foo>
          template block text
        </Foo>
      </template>
    );

    assert.dom().hasText('template block text');
  });
});
"
`;

exports[`supports v2 apps 1`] = `
"<template>{{yield}}</template>
"
`;
