// Vitest Snapshot v1, https://vitest.dev/guide/snapshot.html

exports[`applies specific generator options 1`] = `
"import Component from '@glimmer/component';

export interface FooSignature {
  Args: {};
  Blocks: {
    default: [];
  };
  Element: null;
}

export default class Foo extends Component<FooSignature> {
  <template>
    {{yield}}
  </template>
}
"
`;

exports[`runs the \`postGenerate\` hook 1`] = `
"{
  "entityName": "foo",
  "files": [
    {
      "base": "foo.gts",
      "content": "import Component from '@glimmer/component';\\n\\nexport interface FooSignature {\\n  Args: {};\\n  Blocks: {\\n    default: [];\\n  };\\n  Element: null;\\n}\\n\\nexport default class Foo extends Component<FooSignature> {\\n  <template>\\n    {{yield}}\\n  </template>\\n}\\n",
      "dir": "test/output/post-generate-info/src/components",
      "ext": ".gts",
      "name": "foo",
      "path": "test/output/post-generate-info/src/components/foo.gts",
      "root": "/"
    }
  ],
  "generatorName": "component"
}"
`;
