// Vitest Snapshot v1, https://vitest.dev/guide/snapshot.html

exports[`generates a \`.js\` helper 1`] = `
"export default function fooHelper(positional /*, named*/) {
  return positional;
}
"
`;

exports[`generates a \`.ts\` helper 1`] = `
"export default function fooHelper(positional /*, named*/) {
  return positional;
}
"
`;
