// Vitest Snapshot v1, https://vitest.dev/guide/snapshot.html

exports[`generates a class-based \`.js\` modifier 1`] = `
"import Modifier from "ember-modifier";

export default class Foo extends Modifier {
  modify(element, positional, named) {}
}
"
`;

exports[`generates a class-based \`.ts\` modifier 1`] = `
"import Modifier from "ember-modifier";

type Named = {};
type Positional = [];
type Element = null;

export interface FooSignature {
  Args: {
    Named: Named;
    Positional: Positional;
  };
  Element: Element;
}

export default class Foo extends Modifier<FooSignature> {
  modify(element: Element, positional: Positional, named: Named) {}
}
"
`;

exports[`generates a function-based \`.js\` modifier 1`] = `
"import { modifier } from "ember-modifier";

export default modifier(function foo(element, positional, named) {});
"
`;

exports[`generates a function-based \`.js\` modifier at a custom path 1`] = `
"import { modifier } from "ember-modifier";

export default modifier(function foo(element, positional, named) {});
"
`;

exports[`generates a function-based \`.ts\` modifier 1`] = `
"import { modifier } from "ember-modifier";

export interface FooSignature {
  Args: {
    Named: {};
    Positional: [];
  };
  Element: null;
}

export default modifier<FooSignature>(function foo(element, positional, named) {});
"
`;

exports[`generates a function-based \`.ts\` modifier at a custom path 1`] = `
"import { modifier } from "ember-modifier";

export interface FooSignature {
  Args: {
    Named: {};
    Positional: [];
  };
  Element: null;
}

export default modifier<FooSignature>(function foo(element, positional, named) {});
"
`;
