// Vitest Snapshot v1, https://vitest.dev/guide/snapshot.html

exports[`generates a \`.js\` service-test 1`] = `
"import { module, test } from 'qunit';
import { setupTest } from 'v2-addon/tests/helpers';

module('Unit | Service | Foo', function (hooks) {
  setupTest(hooks);

  test('it exists', function (assert) {
    const service = this.owner.lookup('service:foo');

    assert.ok(service);
  });
});
"
`;

exports[`generates a \`.js\` service-test at a custom path 1`] = `
"import { module, test } from 'qunit';
import { setupTest } from 'v2-addon/tests/helpers';

module('Unit | Service | Foo', function (hooks) {
  setupTest(hooks);

  test('it exists', function (assert) {
    const service = this.owner.lookup('service:foo');

    assert.ok(service);
  });
});
"
`;

exports[`generates a \`.ts\` service-test 1`] = `
"import { module, test } from 'qunit';
import { setupTest } from 'v2-addon/tests/helpers';

module('Unit | Service | Foo', function (hooks) {
  setupTest(hooks);

  test('it exists', function (assert) {
    const service = this.owner.lookup('service:foo');

    assert.ok(service);
  });
});
"
`;

exports[`generates a \`.ts\` service-test at a custom path 1`] = `
"import { module, test } from 'qunit';
import { setupTest } from 'v2-addon/tests/helpers';

module('Unit | Service | Foo', function (hooks) {
  setupTest(hooks);

  test('it exists', function (assert) {
    const service = this.owner.lookup('service:foo');

    assert.ok(service);
  });
});
"
`;
